================= SYSTEM INFORMATION ===================================

Current date and time:
Wed May 13 08:19:42 BST 2026
========================================================================
Disk usage:
Filesystem      Size  Used Avail Use% Mounted on
tmpfs            96M  1.3M   94M   2% /run
efivarfs        256K   15K  242K   6% /sys/firmware/efi/efivars
/dev/sda1        48G  6.0G   42G  13% /
tmpfs           477M     0  477M   0% /dev/shm
tmpfs           5.0M     0  5.0M   0% /run/lock
/dev/sda16      891M  114M  715M  14% /boot
/dev/sda15       98M  6.4M   92M   7% /boot/efi
tmpfs            96M   12K   96M   1% /run/user/1000
========================================================================
Memory usage:
               total        used        free      shared  buff/cache   available
Mem:           952Mi       442Mi       149Mi       1.3Mi       454Mi       509Mi
Swap:             0B          0B          0B
========================================================================
Logged user:
ubuntu
========================================================================
Server uptime:
 08:19:42 up 6 days,  2:36,  3 users,  load average: 0.06, 0.04, 0.00
================= SYSTEM INFORMATION ===================================

Current date and time:
Wed May 13 08:27:02 BST 2026
========================================================================
Disk usage:
Filesystem      Size  Used Avail Use% Mounted on
tmpfs            96M  1.3M   94M   2% /run
efivarfs        256K   15K  242K   6% /sys/firmware/efi/efivars
/dev/sda1        48G  6.0G   42G  13% /
tmpfs           477M     0  477M   0% /dev/shm
tmpfs           5.0M     0  5.0M   0% /run/lock
/dev/sda16      891M  114M  715M  14% /boot
/dev/sda15       98M  6.4M   92M   7% /boot/efi
tmpfs            96M   12K   96M   1% /run/user/1000
========================================================================
Memory usage:
               total        used        free      shared  buff/cache   available
Mem:           952Mi       440Mi       151Mi       1.3Mi       455Mi       511Mi
Swap:             0B          0B          0B
========================================================================
Logged user:
ubuntu
========================================================================
Server uptime:
 08:27:02 up 6 days,  2:43,  3 users,  load average: 0.00, 0.00, 0.00
================= SYSTEM INFORMATION ===================================

Current date and time:
Thu May 14 09:00:01 BST 2026
========================================================================
Disk usage:
df: /home/ubuntu/Desktop: Operation not supported
Filesystem      Size  Used Avail Use% Mounted on
tmpfs            96M  1.4M   94M   2% /run
efivarfs        256K   15K  242K   6% /sys/firmware/efi/efivars
/dev/sda1        48G  6.7G   41G  15% /
tmpfs           477M     0  477M   0% /dev/shm
tmpfs           5.0M     0  5.0M   0% /run/lock
/dev/sda16      891M  114M  715M  14% /boot
/dev/sda15       98M  6.4M   92M   7% /boot/efi
tmpfs            96M   12K   96M   1% /run/user/1000
========================================================================
Memory usage:
               total        used        free      shared  buff/cache   available
Mem:           952Mi       408Mi       112Mi       1.4Mi       527Mi       543Mi
Swap:             0B          0B          0B
========================================================================
Logged user:
ubuntu
========================================================================
Server uptime:
 09:00:01 up  4:57,  5 users,  load average: 0.01, 0.05, 0.02
